/define-logger.rkt:5:2:warning:identifier 'do-something-else' provided but not defined
/define-logger.rkt:7:9:warning:identifier 'log-example-error' is never used
/define-logger.rkt:9:16:error:identifier 'log-example-error' is already defined
