/lambda-scope.rkt:3:9:warning:avoid lambda _
/lambda-scope.rkt:6:9:warning:avoid lambda _
/lambda-scope.rkt:13:11:warning:identifier 'a' is never used
/lambda-scope.rkt:16:12:warning:identifier 'b' is never used
/lambda-scope.rkt:19:12:warning:identifier 'b' is never used
/lambda-scope.rkt:19:14:warning:identifier 'c' is never used
/lambda-scope.rkt:22:12:warning:identifier 'b' is never used
/lambda-scope.rkt:22:16:warning:identifier 'c' is never used
/lambda-scope.rkt:25:13:warning:identifier 'b' is never used
/lambda-scope.rkt:25:22:warning:identifier 'c' is never used
/lambda-scope.rkt:25:29:warning:identifier 'd' is never used
/lambda-scope.rkt:25:37:warning:identifier 'xs' is never used
