/provided-but-not-defined.rkt:4:2:warning:identifier 'g' provided but not defined
/provided-but-not-defined.rkt:7:4:warning:identifier 'a' provided but not defined
/provided-but-not-defined.rkt:10:15:warning:identifier 'h' provided but not defined
/provided-but-not-defined.rkt:11:15:warning:identifier 'j' provided but not defined
/provided-but-not-defined.rkt:12:15:warning:identifier 'l' provided but not defined
/provided-but-not-defined.rkt:12:17:error:not an identifier
