/require-submod.rkt:4:10:warning:require "koyo/console" should come before "koyo/database"
