/struct.rkt:9:2:warning:identifier 'user-password' provided but not defined
