/struct-plus-plus.rkt:10:2:warning:identifier 'set-user-password' provided but not defined
/struct-plus-plus.rkt:13:11:warning:identifier 'user++' is never used
