/struct-mutable.rkt:10:2:warning:identifier 'user-password' provided but not defined
/struct-mutable.rkt:11:2:warning:identifier 'set-user-password!' provided but not defined
